Loading cache...done.
Loaded 5227 entries from dependency cache.
NOTE: Resolving any missing task queue dependencies

Build Configuration:
BB_VERSION           = "2.18.0"
BUILD_SYS            = "aarch64-linux"
NATIVELSBSTRING      = "universal"
TARGET_SYS           = "aarch64-nclawzero-linux"
MACHINE              = "cixmini"
SDKMACHINE           = "aarch64"
DISTRO               = "nclawzero"
DISTRO_VERSION       = "2026.04"
TUNE_FEATURES        = "aarch64 armv8a crc"
meta                 = "HEAD:c2746a4a165fd99c2d1aafed17533555787f37ce"
meta-poky            = "HEAD:824795b885b25e074a2880fbcd54e1a6c875d47d"
meta-oe              
meta-python          
meta-networking      = "wrynose:af8b6d6b2f0b11595b0a0d5b82efa3129d52a628"
meta-cix             = "wip/ultra/2026-07-10-linlondp-26q2:b4bc58f16139559f4ba13df8ebef804b61ec471b"

Initialising tasks...NOTE: Tainting hash to force rebuild of task /workdir/meta-cix/recipes-kernel/linux-cix-sky1-ncz/linux-cix-sky1-ncz_7.2.bb, do_compile
WARNING: /workdir/meta-cix/recipes-kernel/linux-cix-sky1-ncz/linux-cix-sky1-ncz_7.2.bb:do_compile is tainted from a forced run
Sstate summary: Wanted 2 Local 0 Mirrors 0 Missed 2 Current 174 (0% match, 98% complete)
done.
Removing 2 stale sstate objects for arch cixmini...done.
NOTE: Executing Tasks
NOTE: Running task 454 of 586 (/workdir/meta-cix/recipes-kernel/linux-cix-sky1-ncz/linux-cix-sky1-ncz_7.2.bb:do_recipe_qa)
NOTE: recipe linux-cix-sky1-ncz-7.2+ncz-r0: task do_recipe_qa: Started
NOTE: recipe linux-cix-sky1-ncz-7.2+ncz-r0: task do_recipe_qa: Succeeded
NOTE: Running task 579 of 586 (/workdir/meta-cix/recipes-kernel/linux-cix-sky1-ncz/linux-cix-sky1-ncz_7.2.bb:do_fetch)
NOTE: recipe linux-cix-sky1-ncz-7.2+ncz-r0: task do_fetch: Started
NOTE: recipe linux-cix-sky1-ncz-7.2+ncz-r0: task do_fetch: Succeeded
NOTE: Running task 580 of 586 (/workdir/meta-cix/recipes-kernel/linux-cix-sky1-ncz/linux-cix-sky1-ncz_7.2.bb:do_unpack)
NOTE: Running task 581 of 586 (/workdir/meta-cix/recipes-kernel/linux-cix-sky1-ncz/linux-cix-sky1-ncz_7.2.bb:do_prepare_recipe_sysroot)
NOTE: recipe linux-cix-sky1-ncz-7.2+ncz-r0: task do_unpack: Started
NOTE: recipe linux-cix-sky1-ncz-7.2+ncz-r0: task do_prepare_recipe_sysroot: Started
NOTE: recipe linux-cix-sky1-ncz-7.2+ncz-r0: task do_prepare_recipe_sysroot: Succeeded
NOTE: recipe linux-cix-sky1-ncz-7.2+ncz-r0: task do_unpack: Succeeded
NOTE: Running task 582 of 586 (/workdir/meta-cix/recipes-kernel/linux-cix-sky1-ncz/linux-cix-sky1-ncz_7.2.bb:do_symlink_kernsrc)
NOTE: recipe linux-cix-sky1-ncz-7.2+ncz-r0: task do_symlink_kernsrc: Started
NOTE: recipe linux-cix-sky1-ncz-7.2+ncz-r0: task do_symlink_kernsrc: Succeeded
NOTE: Running task 583 of 586 (/workdir/meta-cix/recipes-kernel/linux-cix-sky1-ncz/linux-cix-sky1-ncz_7.2.bb:do_patch)
NOTE: recipe linux-cix-sky1-ncz-7.2+ncz-r0: task do_patch: Started
WARNING: linux-cix-sky1-ncz-7.2+ncz-r0 do_patch: QA Issue: Missing Upstream-Status in patch
/workdir/meta-cix/recipes-kernel/linux-cix-sky1-ncz/linux-cix-sky1-ncz-7.2/patches-7.2/0147-clk-cix-sky1-restore-platform-supplier.patch
Please add according to https://docs.yoctoproject.org/contributor-guide/recipe-style-guide.html#patch-upstream-status . [patch-status]
WARNING: linux-cix-sky1-ncz-7.2+ncz-r0 do_patch: QA Issue: Missing Upstream-Status in patch
/workdir/meta-cix/recipes-kernel/linux-cix-sky1-ncz/linux-cix-sky1-ncz-7.2/patches-7.2/0148-clk-cix-sky1-reject-partial-clkt-maps.patch
Please add according to https://docs.yoctoproject.org/contributor-guide/recipe-style-guide.html#patch-upstream-status . [patch-status]
WARNING: linux-cix-sky1-ncz-7.2+ncz-r0 do_patch: QA Issue: Missing Upstream-Status in patch
/workdir/meta-cix/recipes-kernel/linux-cix-sky1-ncz/linux-cix-sky1-ncz-7.2/patches-7.2/0152-media-cix-amvx-serror-drain-masked-reads.patch
Please add according to https://docs.yoctoproject.org/contributor-guide/recipe-style-guide.html#patch-upstream-status . [patch-status]
WARNING: linux-cix-sky1-ncz-7.2+ncz-r0 do_patch: QA Issue: Missing Upstream-Status in patch
/workdir/meta-cix/recipes-kernel/linux-cix-sky1-ncz/linux-cix-sky1-ncz-7.2/patches-7.2/0153-media-cix-amvx-scmi-perf-devfreq.patch
Please add according to https://docs.yoctoproject.org/contributor-guide/recipe-style-guide.html#patch-upstream-status . [patch-status]
WARNING: linux-cix-sky1-ncz-7.2+ncz-r0 do_patch: QA Issue: Missing Upstream-Status in patch
/workdir/meta-cix/recipes-kernel/linux-cix-sky1-ncz/linux-cix-sky1-ncz-7.2/patches-7.2/0159-armchina-npu-drop-irqf-oneshot.patch
Please add according to https://docs.yoctoproject.org/contributor-guide/recipe-style-guide.html#patch-upstream-status . [patch-status]
WARNING: linux-cix-sky1-ncz-7.2+ncz-r0 do_patch: QA Issue: Missing Upstream-Status in patch
/workdir/meta-cix/recipes-kernel/linux-cix-sky1-ncz/linux-cix-sky1-ncz-7.2/patches-7.2/0160-hwmon-scmi-dont-skip-thermal-zone-on-config-set-fail.patch
Please add according to https://docs.yoctoproject.org/contributor-guide/recipe-style-guide.html#patch-upstream-status . [patch-status]
WARNING: linux-cix-sky1-ncz-7.2+ncz-r0 do_patch: QA Issue: Missing Upstream-Status in patch
/workdir/meta-cix/recipes-kernel/linux-cix-sky1-ncz/linux-cix-sky1-ncz-7.2/patches-7.2/0161-drm-cix-edp-panel-acpi-desc-properties.patch
Please add according to https://docs.yoctoproject.org/contributor-guide/recipe-style-guide.html#patch-upstream-status . [patch-status]
WARNING: linux-cix-sky1-ncz-7.2+ncz-r0 do_patch: QA Issue: Missing Upstream-Status in patch
/workdir/meta-cix/recipes-kernel/linux-cix-sky1-ncz/linux-cix-sky1-ncz-7.2/patches-7.2/0162-drm-cix-linlondp-defer-on-missing-aclk-instead-of-failing.patch
Please add according to https://docs.yoctoproject.org/contributor-guide/recipe-style-guide.html#patch-upstream-status . [patch-status]
WARNING: linux-cix-sky1-ncz-7.2+ncz-r0 do_patch: QA Issue: Missing Upstream-Status in patch
/workdir/meta-cix/recipes-kernel/linux-cix-sky1-ncz/linux-cix-sky1-ncz-7.2/patches-7.2/0163-phy-cix-usb3-defer-on-missing-clocks-fix-ref-clk-check.patch
Please add according to https://docs.yoctoproject.org/contributor-guide/recipe-style-guide.html#patch-upstream-status . [patch-status]
WARNING: linux-cix-sky1-ncz-7.2+ncz-r0 do_patch: QA Issue: Missing Upstream-Status in patch
/workdir/meta-cix/recipes-kernel/linux-cix-sky1-ncz/linux-cix-sky1-ncz-7.2/patches-7.2/0164-usb-cdns3-cdnsp-sky1-defer-on-missing-clocks.patch
Please add according to https://docs.yoctoproject.org/contributor-guide/recipe-style-guide.html#patch-upstream-status . [patch-status]
WARNING: linux-cix-sky1-ncz-7.2+ncz-r0 do_patch: QA Issue: Missing Upstream-Status in patch
/workdir/meta-cix/recipes-kernel/linux-cix-sky1-ncz/linux-cix-sky1-ncz-7.2/patches-7.2/0165-i2c-cadence-defer-on-missing-clock.patch
Please add according to https://docs.yoctoproject.org/contributor-guide/recipe-style-guide.html#patch-upstream-status . [patch-status]
WARNING: linux-cix-sky1-ncz-7.2+ncz-r0 do_patch: QA Issue: Missing Upstream-Status in patch
/workdir/meta-cix/recipes-kernel/linux-cix-sky1-ncz/linux-cix-sky1-ncz-7.2/patches-7.2/0166-clocksource-sky1-defer-on-missing-timer-clocks.patch
Please add according to https://docs.yoctoproject.org/contributor-guide/recipe-style-guide.html#patch-upstream-status . [patch-status]
WARNING: linux-cix-sky1-ncz-7.2+ncz-r0 do_patch: QA Issue: Missing Upstream-Status in patch
/workdir/meta-cix/recipes-kernel/linux-cix-sky1-ncz/linux-cix-sky1-ncz-7.2/patches-7.2/0167-soc-cix-acpi-resource-lookup-tighten-badly-specified-guard.patch
Please add according to https://docs.yoctoproject.org/contributor-guide/recipe-style-guide.html#patch-upstream-status . [patch-status]
WARNING: linux-cix-sky1-ncz-7.2+ncz-r0 do_patch: QA Issue: Missing Upstream-Status in patch
/workdir/meta-cix/recipes-kernel/linux-cix-sky1-ncz/linux-cix-sky1-ncz-7.2/patches-7.2/0192-usb-cdns3-sky1-keep-the-wrapper-pinned-by-its-children.patch
Please add according to https://docs.yoctoproject.org/contributor-guide/recipe-style-guide.html#patch-upstream-status . [patch-status]
WARNING: linux-cix-sky1-ncz-7.2+ncz-r0 do_patch: QA Issue: Missing Upstream-Status in patch
/workdir/meta-cix/recipes-kernel/linux-cix-sky1-ncz/linux-cix-sky1-ncz-7.2/patches-7.2/0193-usb-hub-give-root-hubs-the-same-power-on-good-floor.patch
Please add according to https://docs.yoctoproject.org/contributor-guide/recipe-style-guide.html#patch-upstream-status . [patch-status]
WARNING: linux-cix-sky1-ncz-7.2+ncz-r0 do_patch: QA Issue: Missing Upstream-Status in patch
/workdir/meta-cix/recipes-kernel/linux-cix-sky1-ncz/linux-cix-sky1-ncz-7.2/patches-7.2/0200-rpmsg-virtio-ratelimit-no-used-buffer.patch
Please add according to https://docs.yoctoproject.org/contributor-guide/recipe-style-guide.html#patch-upstream-status . [patch-status]
WARNING: linux-cix-sky1-ncz-7.2+ncz-r0 do_patch: QA Issue: Missing Upstream-Status in patch
/workdir/meta-cix/recipes-kernel/linux-cix-sky1-ncz/linux-cix-sky1-ncz-7.2/patches-7.2/0201-acpi-table-upgrade-add-disable-and-exclude-options.patch
Please add according to https://docs.yoctoproject.org/contributor-guide/recipe-style-guide.html#patch-upstream-status . [patch-status]
WARNING: linux-cix-sky1-ncz-7.2+ncz-r0 do_patch: QA Issue: Missing Upstream-Status in patch
/workdir/meta-cix/recipes-kernel/linux-cix-sky1-ncz/linux-cix-sky1-ncz-7.2/patches-7.2/0202-platform-acpi-resolve-named-irq-resources.patch
Please add according to https://docs.yoctoproject.org/contributor-guide/recipe-style-guide.html#patch-upstream-status . [patch-status]
WARNING: linux-cix-sky1-ncz-7.2+ncz-r0 do_patch: QA Issue: Missing Upstream-Status in patch
/workdir/meta-cix/recipes-kernel/linux-cix-sky1-ncz/linux-cix-sky1-ncz-7.2/patches-7.2/0203-power-opp-accept-acpi-only-configurations.patch
Please add according to https://docs.yoctoproject.org/contributor-guide/recipe-style-guide.html#patch-upstream-status . [patch-status]
WARNING: linux-cix-sky1-ncz-7.2+ncz-r0 do_patch: QA Issue: Missing Upstream-Status in patch
/workdir/meta-cix/recipes-kernel/linux-cix-sky1-ncz/linux-cix-sky1-ncz-7.2/patches-7.2/0204-topology-has-missing-cpufreq-ref.patch
Please add according to https://docs.yoctoproject.org/contributor-guide/recipe-style-guide.html#patch-upstream-status . [patch-status]
WARNING: linux-cix-sky1-ncz-7.2+ncz-r0 do_patch: QA Issue: Missing Upstream-Status in patch
/workdir/meta-cix/recipes-kernel/linux-cix-sky1-ncz/linux-cix-sky1-ncz-7.2/patches-7.2/0205-acpi-processor-clarify-ignore-ppc-module-parameter.patch
Please add according to https://docs.yoctoproject.org/contributor-guide/recipe-style-guide.html#patch-upstream-status . [patch-status]
WARNING: linux-cix-sky1-ncz-7.2+ncz-r0 do_patch: QA Issue: Missing Upstream-Status in patch
/workdir/meta-cix/recipes-kernel/linux-cix-sky1-ncz/linux-cix-sky1-ncz-7.2/patches-7.2/0206-pstore-ramoops-parse-firmware-node-properties.patch
Please add according to https://docs.yoctoproject.org/contributor-guide/recipe-style-guide.html#patch-upstream-status . [patch-status]
WARNING: linux-cix-sky1-ncz-7.2+ncz-r0 do_patch: QA Issue: Missing Upstream-Status in patch
/workdir/meta-cix/recipes-kernel/linux-cix-sky1-ncz/linux-cix-sky1-ncz-7.2/patches-7.2/0207-drm-cix-demote-internal-tbu-noop-logs.patch
Please add according to https://docs.yoctoproject.org/contributor-guide/recipe-style-guide.html#patch-upstream-status . [patch-status]
WARNING: linux-cix-sky1-ncz-7.2+ncz-r0 do_patch: QA Issue: Missing Upstream-Status in patch
/workdir/meta-cix/recipes-kernel/linux-cix-sky1-ncz/linux-cix-sky1-ncz-7.2/patches-7.2/0208-bluetooth-btrtl-return-register-read-error.patch
Please add according to https://docs.yoctoproject.org/contributor-guide/recipe-style-guide.html#patch-upstream-status . [patch-status]
WARNING: linux-cix-sky1-ncz-7.2+ncz-r0 do_patch: QA Issue: Missing Upstream-Status in patch
/workdir/meta-cix/recipes-kernel/linux-cix-sky1-ncz/linux-cix-sky1-ncz-7.2/patches-7.2/0209-firmware-arm-scmi-use-rational-perf-frequency-conversion.patch
Please add according to https://docs.yoctoproject.org/contributor-guide/recipe-style-guide.html#patch-upstream-status . [patch-status]
WARNING: linux-cix-sky1-ncz-7.2+ncz-r0 do_patch: QA Issue: Missing Upstream-Status in patch
/workdir/meta-cix/recipes-kernel/linux-cix-sky1-ncz/linux-cix-sky1-ncz-7.2/patches-7.2/0211-drm-panthor-declare-scmi-perf-softdep.patch
Please add according to https://docs.yoctoproject.org/contributor-guide/recipe-style-guide.html#patch-upstream-status . [patch-status]
WARNING: linux-cix-sky1-ncz-7.2+ncz-r0 do_patch: QA Issue: Missing Upstream-Status in patch
/workdir/meta-cix/recipes-kernel/linux-cix-sky1-ncz/linux-cix-sky1-ncz-7.2/patches-7.2/0212-cacheinfo-share-global-firmware-ids-across-levels.patch
Please add according to https://docs.yoctoproject.org/contributor-guide/recipe-style-guide.html#patch-upstream-status . [patch-status]
WARNING: linux-cix-sky1-ncz-7.2+ncz-r0 do_patch: QA Issue: Missing Upstream-Status in patch
/workdir/meta-cix/recipes-kernel/linux-cix-sky1-ncz/linux-cix-sky1-ncz-7.2/patches-7.2/0213-hwmon-cix-add-safe-acpi-fan-control.patch
Please add according to https://docs.yoctoproject.org/contributor-guide/recipe-style-guide.html#patch-upstream-status . [patch-status]
WARNING: linux-cix-sky1-ncz-7.2+ncz-r0 do_patch: QA Issue: Missing Upstream-Status in patch
/workdir/meta-cix/recipes-kernel/linux-cix-sky1-ncz/linux-cix-sky1-ncz-7.2/patches-7.2/0214-acpi-demote-cix-sky1-ecam-duplicate-reservations.patch
Please add according to https://docs.yoctoproject.org/contributor-guide/recipe-style-guide.html#patch-upstream-status . [patch-status]
WARNING: linux-cix-sky1-ncz-7.2+ncz-r0 do_patch: QA Issue: Missing Upstream-Status in patch
/workdir/meta-cix/recipes-kernel/linux-cix-sky1-ncz/linux-cix-sky1-ncz-7.2/patches-7.2/0215-pci-cix-enable-root-port-io-window-assignment.patch
Please add according to https://docs.yoctoproject.org/contributor-guide/recipe-style-guide.html#patch-upstream-status . [patch-status]
WARNING: linux-cix-sky1-ncz-7.2+ncz-r0 do_patch: QA Issue: Missing Upstream-Status in patch
/workdir/meta-cix/recipes-kernel/linux-cix-sky1-ncz/linux-cix-sky1-ncz-7.2/patches-7.2/0217-rtw89-disable-hw-rfkill-polling-on-orion-o6.patch
Please add according to https://docs.yoctoproject.org/contributor-guide/recipe-style-guide.html#patch-upstream-status . [patch-status]
WARNING: linux-cix-sky1-ncz-7.2+ncz-r0 do_patch: QA Issue: Missing Upstream-Status in patch
/workdir/meta-cix/recipes-kernel/linux-cix-sky1-ncz/linux-cix-sky1-ncz-7.2/patches-7.2/0218-rtw89-check-acpi-dsm-before-evaluating.patch
Please add according to https://docs.yoctoproject.org/contributor-guide/recipe-style-guide.html#patch-upstream-status . [patch-status]
WARNING: linux-cix-sky1-ncz-7.2+ncz-r0 do_patch: QA Issue: Missing Upstream-Status in patch
/workdir/meta-cix/recipes-kernel/linux-cix-sky1-ncz/linux-cix-sky1-ncz-7.2/patches-7.2/0219-DEBUG-ncz-resume-beacons-ramoops.patch
Please add according to https://docs.yoctoproject.org/contributor-guide/recipe-style-guide.html#patch-upstream-status . [patch-status]
NOTE: recipe linux-cix-sky1-ncz-7.2+ncz-r0: task do_patch: Succeeded
NOTE: Running task 584 of 586 (/workdir/meta-cix/recipes-kernel/linux-cix-sky1-ncz/linux-cix-sky1-ncz_7.2.bb:do_deploy_source_date_epoch)
NOTE: recipe linux-cix-sky1-ncz-7.2+ncz-r0: task do_deploy_source_date_epoch: Started
NOTE: recipe linux-cix-sky1-ncz-7.2+ncz-r0: task do_deploy_source_date_epoch: Succeeded
NOTE: Running task 585 of 586 (/workdir/meta-cix/recipes-kernel/linux-cix-sky1-ncz/linux-cix-sky1-ncz_7.2.bb:do_configure)
NOTE: recipe linux-cix-sky1-ncz-7.2+ncz-r0: task do_configure: Started
NOTE: recipe linux-cix-sky1-ncz-7.2+ncz-r0: task do_configure: Succeeded
NOTE: Running task 586 of 586 (/workdir/meta-cix/recipes-kernel/linux-cix-sky1-ncz/linux-cix-sky1-ncz_7.2.bb:do_compile)
NOTE: recipe linux-cix-sky1-ncz-7.2+ncz-r0: task do_compile: Started
NOTE: recipe linux-cix-sky1-ncz-7.2+ncz-r0: task do_compile: Succeeded
NOTE: Tasks Summary: Attempted 586 tasks of which 577 didn't need to be rerun and all succeeded.

Summary: There were 34 WARNING messages.
